Archive member included to satisfy reference by file (symbol)

c:/bin/mounriver/mrs_community/toolchain/risc-v embedded gcc/bin/../lib/gcc/riscv-none-embed/8.2.0/rv32ec/ilp32e\libgcc.a(save-restore.o)
                              ./libhydrogen/hydrogen.o (__riscv_save_2)
c:/bin/mounriver/mrs_community/toolchain/risc-v embedded gcc/bin/../lib/gcc/riscv-none-embed/8.2.0/rv32ec/ilp32e\libgcc.a(muldi3.o)
                              ./libhydrogen/hydrogen.o (__mulsi3)
c:/bin/mounriver/mrs_community/toolchain/risc-v embedded gcc/bin/../lib/gcc/riscv-none-embed/8.2.0/rv32ec/ilp32e\libgcc.a(multi3.o)
                              ./libhydrogen/hydrogen.o (__muldi3)
c:/bin/mounriver/mrs_community/toolchain/risc-v embedded gcc/bin/../lib/gcc/riscv-none-embed/8.2.0/rv32ec/ilp32e\libgcc.a(div.o)
                              ./Peripheral/src/ch32v00x_usart.o (__divsi3)
c:/bin/mounriver/mrs_community/toolchain/risc-v embedded gcc/bin/../lib/gcc/riscv-none-embed/8.2.0/../../../../riscv-none-embed/lib/rv32ec/ilp32e\libg_nano.a(lib_a-abort.o)
                              ./libhydrogen/hydrogen.o (abort)
c:/bin/mounriver/mrs_community/toolchain/risc-v embedded gcc/bin/../lib/gcc/riscv-none-embed/8.2.0/../../../../riscv-none-embed/lib/rv32ec/ilp32e\libg_nano.a(lib_a-errno.o)
                              ./libhydrogen/hydrogen.o (__errno)
c:/bin/mounriver/mrs_community/toolchain/risc-v embedded gcc/bin/../lib/gcc/riscv-none-embed/8.2.0/../../../../riscv-none-embed/lib/rv32ec/ilp32e\libg_nano.a(lib_a-impure.o)
                              c:/bin/mounriver/mrs_community/toolchain/risc-v embedded gcc/bin/../lib/gcc/riscv-none-embed/8.2.0/../../../../riscv-none-embed/lib/rv32ec/ilp32e\libg_nano.a(lib_a-errno.o) (_impure_ptr)
c:/bin/mounriver/mrs_community/toolchain/risc-v embedded gcc/bin/../lib/gcc/riscv-none-embed/8.2.0/../../../../riscv-none-embed/lib/rv32ec/ilp32e\libg_nano.a(lib_a-memcpy.o)
                              ./libhydrogen/hydrogen.o (memcpy)
c:/bin/mounriver/mrs_community/toolchain/risc-v embedded gcc/bin/../lib/gcc/riscv-none-embed/8.2.0/../../../../riscv-none-embed/lib/rv32ec/ilp32e\libg_nano.a(lib_a-memmove.o)
                              ./libhydrogen/hydrogen.o (memmove)
c:/bin/mounriver/mrs_community/toolchain/risc-v embedded gcc/bin/../lib/gcc/riscv-none-embed/8.2.0/../../../../riscv-none-embed/lib/rv32ec/ilp32e\libg_nano.a(lib_a-memset.o)
                              ./libhydrogen/hydrogen.o (memset)
c:/bin/mounriver/mrs_community/toolchain/risc-v embedded gcc/bin/../lib/gcc/riscv-none-embed/8.2.0/../../../../riscv-none-embed/lib/rv32ec/ilp32e\libg_nano.a(lib_a-printf.o)
                              ./User/main.o (printf)
c:/bin/mounriver/mrs_community/toolchain/risc-v embedded gcc/bin/../lib/gcc/riscv-none-embed/8.2.0/../../../../riscv-none-embed/lib/rv32ec/ilp32e\libg_nano.a(lib_a-signal.o)
                              c:/bin/mounriver/mrs_community/toolchain/risc-v embedded gcc/bin/../lib/gcc/riscv-none-embed/8.2.0/../../../../riscv-none-embed/lib/rv32ec/ilp32e\libg_nano.a(lib_a-abort.o) (raise)
c:/bin/mounriver/mrs_community/toolchain/risc-v embedded gcc/bin/../lib/gcc/riscv-none-embed/8.2.0/../../../../riscv-none-embed/lib/rv32ec/ilp32e\libg_nano.a(lib_a-signalr.o)
                              c:/bin/mounriver/mrs_community/toolchain/risc-v embedded gcc/bin/../lib/gcc/riscv-none-embed/8.2.0/../../../../riscv-none-embed/lib/rv32ec/ilp32e\libg_nano.a(lib_a-signal.o) (_kill_r)
c:/bin/mounriver/mrs_community/toolchain/risc-v embedded gcc/bin/../lib/gcc/riscv-none-embed/8.2.0/../../../../riscv-none-embed/lib/rv32ec/ilp32e\libg_nano.a(lib_a-strchr.o)
                              ./libhydrogen/hydrogen.o (strchr)
c:/bin/mounriver/mrs_community/toolchain/risc-v embedded gcc/bin/../lib/gcc/riscv-none-embed/8.2.0/../../../../riscv-none-embed/lib/rv32ec/ilp32e\libg_nano.a(lib_a-strlen.o)
                              ./libhydrogen/hydrogen.o (strlen)
c:/bin/mounriver/mrs_community/toolchain/risc-v embedded gcc/bin/../lib/gcc/riscv-none-embed/8.2.0/../../../../riscv-none-embed/lib/rv32ec/ilp32e\libg_nano.a(lib_a-findfp.o)
                              c:/bin/mounriver/mrs_community/toolchain/risc-v embedded gcc/bin/../lib/gcc/riscv-none-embed/8.2.0/../../../../riscv-none-embed/lib/rv32ec/ilp32e\libg_nano.a(lib_a-printf.o) (__sinit)
c:/bin/mounriver/mrs_community/toolchain/risc-v embedded gcc/bin/../lib/gcc/riscv-none-embed/8.2.0/../../../../riscv-none-embed/lib/rv32ec/ilp32e\libg_nano.a(lib_a-fwalk.o)
                              c:/bin/mounriver/mrs_community/toolchain/risc-v embedded gcc/bin/../lib/gcc/riscv-none-embed/8.2.0/../../../../riscv-none-embed/lib/rv32ec/ilp32e\libg_nano.a(lib_a-findfp.o) (_fwalk)
c:/bin/mounriver/mrs_community/toolchain/risc-v embedded gcc/bin/../lib/gcc/riscv-none-embed/8.2.0/../../../../riscv-none-embed/lib/rv32ec/ilp32e\libg_nano.a(lib_a-nano-mallocr.o)
[...]
Memory Configuration

Name             Origin             Length             Attributes
FLASH            0x0000000000000000 0x0000000000004000 xr
RAM              0x0000000020000000 0x0000000000000800 xrw
*default*        0x0000000000000000 0xffffffffffffffff

Linker script and memory map

LOAD ./libhydrogen/hydrogen.o
LOAD ./User/ch32v00x_it.o
LOAD ./User/main.o
LOAD ./User/system_ch32v00x.o
LOAD ./User/user_ADC.o
LOAD ./Startup/startup_ch32v00x.o
LOAD ./Peripheral/src/ch32v00x_adc.o
LOAD ./Peripheral/src/ch32v00x_dbgmcu.o
LOAD ./Peripheral/src/ch32v00x_dma.o
LOAD ./Peripheral/src/ch32v00x_exti.o
LOAD ./Peripheral/src/ch32v00x_flash.o
LOAD ./Peripheral/src/ch32v00x_gpio.o
LOAD ./Peripheral/src/ch32v00x_i2c.o
LOAD ./Peripheral/src/ch32v00x_iwdg.o
LOAD ./Peripheral/src/ch32v00x_misc.o
LOAD ./Peripheral/src/ch32v00x_opa.o
LOAD ./Peripheral/src/ch32v00x_pwr.o
LOAD ./Peripheral/src/ch32v00x_rcc.o
LOAD ./Peripheral/src/ch32v00x_spi.o
LOAD ./Peripheral/src/ch32v00x_tim.o
LOAD ./Peripheral/src/ch32v00x_usart.o
LOAD ./Peripheral/src/ch32v00x_wwdg.o
LOAD ./Debug/debug.o
LOAD ./Core/core_riscv.o
LOAD c:/bin/mounriver/mrs_community/toolchain/risc-v embedded gcc/bin/../lib/gcc/riscv-none-embed/8.2.0/rv32ec/ilp32e\libgcc.a
LOAD c:/bin/mounriver/mrs_community/toolchain/risc-v embedded gcc/bin/../lib/gcc/riscv-none-embed/8.2.0/../../../../riscv-none-embed/lib/rv32ec/ilp32e\libg_nano.a
LOAD c:/bin/mounriver/mrs_community/toolchain/risc-v embedded gcc/bin/../lib/gcc/riscv-none-embed/8.2.0/../../../../riscv-none-embed/lib/rv32ec/ilp32e\libc_nano.a
LOAD c:/bin/mounriver/mrs_community/toolchain/risc-v embedded gcc/bin/../lib/gcc/riscv-none-embed/8.2.0/rv32ec/ilp32e\libgcc.a
START GROUP
LOAD c:/bin/mounriver/mrs_community/toolchain/risc-v embedded gcc/bin/../lib/gcc/riscv-none-embed/8.2.0/rv32ec/ilp32e\libgcc.a
LOAD c:/bin/mounriver/mrs_community/toolchain/risc-v embedded gcc/bin/../lib/gcc/riscv-none-embed/8.2.0/../../../../riscv-none-embed/lib/rv32ec/ilp32e\libc_nano.a
LOAD c:/bin/mounriver/mrs_community/toolchain/risc-v embedded gcc/bin/../lib/gcc/riscv-none-embed/8.2.0/../../../../riscv-none-embed/lib/rv32ec/ilp32e\libnosys.a
END GROUP
START GROUP
LOAD c:/bin/mounriver/mrs_community/toolchain/risc-v embedded gcc/bin/../lib/gcc/riscv-none-embed/8.2.0/rv32ec/ilp32e\libgcc.a
LOAD c:/bin/mounriver/mrs_community/toolchain/risc-v embedded gcc/bin/../lib/gcc/riscv-none-embed/8.2.0/../../../../riscv-none-embed/lib/rv32ec/ilp32e\libc_nano.a
LOAD c:/bin/mounriver/mrs_community/toolchain/risc-v embedded gcc/bin/../lib/gcc/riscv-none-embed/8.2.0/../../../../riscv-none-embed/lib/rv32ec/ilp32e\libnosys.a
END GROUP
                0x0000000000000100                __stack_size = 0x100
                [!provide]                        PROVIDE (_stack_size = __stack_size)

.init           0x0000000000000000       0xa0
                0x0000000000000000                _sinit = .
                0x0000000000000000                . = ALIGN (0x4)
 *(SORT_NONE(.init))
 .init          0x0000000000000000       0x9e ./Startup/startup_ch32v00x.o
                0x0000000000000000                _start
                0x00000000000000a0                . = ALIGN (0x4)
 *fill*         0x000000000000009e        0x2 
                0x00000000000000a0                _einit = .

.text           0x00000000000000a0     0x3190
                0x00000000000000a0                . = ALIGN (0x4)
 *(.text)
 .text          0x00000000000000a0       0x14 c:/bin/mounriver/mrs_community/toolchain/risc-v embedded gcc/bin/../lib/gcc/riscv-none-embed/8.2.0/rv32ec/ilp32e\libgcc.a(save-restore.o)
                0x00000000000000a0                __riscv_save_1
                0x00000000000000a0                __riscv_save_2
                0x00000000000000a0                __riscv_save_0
                0x00000000000000aa                __riscv_restore_0
                0x00000000000000aa                __riscv_restore_1
                0x00000000000000aa                __riscv_restore_2
 .text          0x00000000000000b4       0x16 c:/bin/mounriver/mrs_community/toolchain/risc-v embedded gcc/bin/../lib/gcc/riscv-none-embed/8.2.0/rv32ec/ilp32e\libgcc.a(muldi3.o)
                0x00000000000000b4                __mulsi3
 *fill*         0x00000000000000ca        0x2 
 .text          0x00000000000000cc       0x7e c:/bin/mounriver/mrs_community/toolchain/risc-v embedded gcc/bin/../lib/gcc/riscv-none-embed/8.2.0/rv32ec/ilp32e\libgcc.a(div.o)
                0x00000000000000cc                __divsi3
                0x00000000000000d4                __udivsi3
                0x0000000000000100                __umodsi3
                0x0000000000000124                __modsi3
 .text          0x000000000000014a       0xa8 c:/bin/mounriver/mrs_community/toolchain/risc-v embedded gcc/bin/../lib/gcc/riscv-none-embed/8.2.0/../../../../riscv-none-embed/lib/rv32ec/ilp32e\libg_nano.a(lib_a-memset.o)
                0x000000000000014a                memset
 *(.text.*)
 .text.mem_cpy  0x00000000000001f2       0x1c ./libhydrogen/hydrogen.o
 .text.mem_zero
                0x000000000000020e       0x14 ./libhydrogen/hydrogen.o
 .text.gimli_core_u8
                0x0000000000000222       0xae ./libhydrogen/hydrogen.o
 .text.hydro_x25519_propagate
                0x00000000000002d0       0x32 ./libhydrogen/hydrogen.o
 .text.hydro_x25519_add
                0x0000000000000302       0x3e ./libhydrogen/hydrogen.o
 .text.hydro_x25519_sub
                0x0000000000000340       0x4c ./libhydrogen/hydrogen.o
 .text.hydro_x25519_mul
                0x000000000000038c       0xe0 ./libhydrogen/hydrogen.o
 .text.hydro_x25519_mul1
                0x000000000000046c        0xc ./libhydrogen/hydrogen.o
 .text.hydro_x25519_condswap
                0x0000000000000478       0x26 ./libhydrogen/hydrogen.o
 .text.hydro_x25519_canon
                0x000000000000049e       0x4c ./libhydrogen/hydrogen.o
 .text.hydro_x25519_sc_montmul
                0x00000000000004ea      0x182 ./libhydrogen/hydrogen.o
 .text.hydro_x25519_swapin
                0x000000000000066c        0xe ./libhydrogen/hydrogen.o
 .text.hydro_x25519_swapout
                0x000000000000067a        0xe ./libhydrogen/hydrogen.o
 .text.hydro_x25519_ladder_part1
                0x0000000000000688       0x92 ./libhydrogen/hydrogen.o
 .text.hydro_x25519_core
                0x000000000000071a       0xf0 ./libhydrogen/hydrogen.o
 .text.hydro_x25519_scalarmult
                0x000000000000080a       0x64 ./libhydrogen/hydrogen.o
 .text.hydro_x25519_scalarmult_base_uniform
                0x000000000000086e       0x18 ./libhydrogen/hydrogen.o
 .text.hydro_random_ratchet
                0x0000000000000886       0x3c ./libhydrogen/hydrogen.o
                0x0000000000000886                hydro_random_ratchet
 .text.hydro_hash_update
                0x00000000000008c2       0x6c ./libhydrogen/hydrogen.o
                0x00000000000008c2                hydro_hash_update
 .text.hydro_hash_init
                0x000000000000092e       0x8e ./libhydrogen/hydrogen.o
                0x000000000000092e                hydro_hash_init
 .text.hydro_hash_final
                0x00000000000009bc       0xaa ./libhydrogen/hydrogen.o
                0x00000000000009bc                hydro_hash_final
 .text.hydro_random_ensure_initialized
                0x0000000000000a66       0x7e ./libhydrogen/hydrogen.o
 .text.hydro_random_buf
                0x0000000000000ae4       0x64 ./libhydrogen/hydrogen.o
                0x0000000000000ae4                hydro_random_buf
 .text.hydro_init
                0x0000000000000b48        0xc ./libhydrogen/hydrogen.o
                0x0000000000000b48                hydro_init
 .text.hydro_sign_challenge
                0x0000000000000b54       0x50 ./libhydrogen/hydrogen.o
 .text.hydro_sign_keygen
                0x0000000000000ba4       0x2a ./libhydrogen/hydrogen.o
                0x0000000000000ba4                hydro_sign_keygen
 .text.hydro_sign_init
                0x0000000000000bce        0xc ./libhydrogen/hydrogen.o
                0x0000000000000bce                hydro_sign_init
 .text.hydro_sign_final_create
                0x0000000000000bda       0xaa ./libhydrogen/hydrogen.o
                0x0000000000000bda                hydro_sign_final_create
 .text.hydro_sign_final_verify
                0x0000000000000c84       0xbe ./libhydrogen/hydrogen.o
                0x0000000000000c84                hydro_sign_final_verify
 .text.hydro_sign_create
                0x0000000000000d42       0x40 ./libhydrogen/hydrogen.o
                0x0000000000000d42                hydro_sign_create
 .text.hydro_sign_verify
                0x0000000000000d82       0x42 ./libhydrogen/hydrogen.o
                0x0000000000000d82                hydro_sign_verify
 .text.NMI_Handler
                0x0000000000000dc4        0x4 ./User/ch32v00x_it.o
                0x0000000000000dc4                NMI_Handler
 .text.HardFault_Handler
                0x0000000000000dc8        0x2 ./User/ch32v00x_it.o
                0x0000000000000dc8                HardFault_Handler
 .text.SysTick_Handler
                0x0000000000000dca       0x20 ./User/ch32v00x_it.o
                0x0000000000000dca                SysTick_Handler
 .text.printHex
                0x0000000000000dea       0x52 ./User/main.o
                0x0000000000000dea                printHex
 .text.SYSTEM_CFG
                0x0000000000000e3c       0xae ./User/main.o
                0x0000000000000e3c                SYSTEM_CFG
 .text.startup.main
                0x0000000000000eea      0x154 ./User/main.o
                0x0000000000000eea                main
 .text.SystemInit
                0x000000000000103e       0x90 ./User/system_ch32v00x.o
                0x000000000000103e                SystemInit
 .text.SystemCoreClockUpdate
                0x00000000000010ce       0x6e ./User/system_ch32v00x.o
                0x00000000000010ce                SystemCoreClockUpdate
 .text.RNG_GetCondensedEntropy
                0x000000000000113c       0x16 ./User/user_ADC.o
                0x000000000000113c                RNG_GetCondensedEntropy
 .text.ADC1_CFG
                0x0000000000001152       0xb0 ./User/user_ADC.o
                0x0000000000001152                ADC1_CFG
 .text.ADC1_launch
                0x0000000000001202       0x26 ./User/user_ADC.o
                0x0000000000001202                ADC1_launch
 .text.ADC1_IRQHandler
                0x0000000000001228      0x192 ./User/user_ADC.o
                0x0000000000001228                ADC1_IRQHandler
 .text.vector_handler
                0x00000000000013ba       0x36 ./Startup/startup_ch32v00x.o
                0x00000000000013c0                SW_Handler
                0x00000000000013c2                WWDG_IRQHandler
                0x00000000000013c4                PVD_IRQHandler
                0x00000000000013c6                FLASH_IRQHandler
                0x00000000000013c8                RCC_IRQHandler
                0x00000000000013ca                EXTI7_0_IRQHandler
                0x00000000000013cc                AWU_IRQHandler
                0x00000000000013ce                DMA1_Channel1_IRQHandler
                0x00000000000013d0                DMA1_Channel2_IRQHandler
                0x00000000000013d2                DMA1_Channel3_IRQHandler
                0x00000000000013d4                DMA1_Channel4_IRQHandler
                0x00000000000013d6                DMA1_Channel5_IRQHandler
                0x00000000000013d8                DMA1_Channel6_IRQHandler
                0x00000000000013da                DMA1_Channel7_IRQHandler
                0x00000000000013de                I2C1_EV_IRQHandler
                0x00000000000013e0                I2C1_ER_IRQHandler
                0x00000000000013e2                USART1_IRQHandler
                0x00000000000013e4                SPI1_IRQHandler
                0x00000000000013e6                TIM1_BRK_IRQHandler
                0x00000000000013e8                TIM1_UP_IRQHandler
                0x00000000000013ea                TIM1_TRG_COM_IRQHandler
                0x00000000000013ec                TIM1_CC_IRQHandler
                0x00000000000013ee                TIM2_IRQHandler
 .text.handle_reset
                0x00000000000013f0       0x7c ./Startup/startup_ch32v00x.o
                0x00000000000013f0                handle_reset
 .text.ADC_DeInit
                0x000000000000146c       0x26 ./Peripheral/src/ch32v00x_adc.o
                0x000000000000146c                ADC_DeInit
 .text.ADC_Init
                0x0000000000001492       0x50 ./Peripheral/src/ch32v00x_adc.o
                0x0000000000001492                ADC_Init
 .text.ADC_Cmd  0x00000000000014e2       0x10 ./Peripheral/src/ch32v00x_adc.o
                0x00000000000014e2                ADC_Cmd
 .text.ADC_ITConfig
                0x00000000000014f2       0x16 ./Peripheral/src/ch32v00x_adc.o
                0x00000000000014f2                ADC_ITConfig
 .text.ADC_ResetCalibration
                0x0000000000001508        0xa ./Peripheral/src/ch32v00x_adc.o
                0x0000000000001508                ADC_ResetCalibration
 .text.ADC_GetResetCalibrationStatus
                0x0000000000001512        0x8 ./Peripheral/src/ch32v00x_adc.o
                0x0000000000001512                ADC_GetResetCalibrationStatus
 .text.ADC_StartCalibration
                0x000000000000151a        0xa ./Peripheral/src/ch32v00x_adc.o
                0x000000000000151a                ADC_StartCalibration
 .text.ADC_GetCalibrationStatus
                0x0000000000001524        0x8 ./Peripheral/src/ch32v00x_adc.o
                0x0000000000001524                ADC_GetCalibrationStatus
 .text.ADC_SoftwareStartConvCmd
                0x000000000000152c       0x18 ./Peripheral/src/ch32v00x_adc.o
                0x000000000000152c                ADC_SoftwareStartConvCmd
 .text.ADC_RegularChannelConfig
                0x0000000000001544       0xba ./Peripheral/src/ch32v00x_adc.o
                0x0000000000001544                ADC_RegularChannelConfig
 .text.GPIO_Init
                0x00000000000015fe       0xd8 ./Peripheral/src/ch32v00x_gpio.o
                0x00000000000015fe                GPIO_Init
 .text.NVIC_PriorityGroupConfig
                0x00000000000016d6        0x6 ./Peripheral/src/ch32v00x_misc.o
                0x00000000000016d6                NVIC_PriorityGroupConfig
 .text.RCC_PLLConfig
                0x00000000000016dc       0x14 ./Peripheral/src/ch32v00x_rcc.o
                0x00000000000016dc                RCC_PLLConfig
 .text.RCC_ADCCLKConfig
                0x00000000000016f0       0x14 ./Peripheral/src/ch32v00x_rcc.o
                0x00000000000016f0                RCC_ADCCLKConfig
 .text.RCC_LSICmd
                0x0000000000001704       0x14 ./Peripheral/src/ch32v00x_rcc.o
                0x0000000000001704                RCC_LSICmd
 .text.RCC_GetClocksFreq
                0x0000000000001718       0xa0 ./Peripheral/src/ch32v00x_rcc.o
                0x0000000000001718                RCC_GetClocksFreq
 .text.RCC_APB2PeriphClockCmd
                0x00000000000017b8       0x1e ./Peripheral/src/ch32v00x_rcc.o
                0x00000000000017b8                RCC_APB2PeriphClockCmd
 .text.RCC_APB1PeriphClockCmd
                0x00000000000017d6       0x1e ./Peripheral/src/ch32v00x_rcc.o
                0x00000000000017d6                RCC_APB1PeriphClockCmd
 .text.RCC_APB2PeriphResetCmd
                0x00000000000017f4       0x1e ./Peripheral/src/ch32v00x_rcc.o
                0x00000000000017f4                RCC_APB2PeriphResetCmd
 .text.USART_Init
                0x0000000000001812       0xe8 ./Peripheral/src/ch32v00x_usart.o
                0x0000000000001812                USART_Init
 .text.USART_Cmd
                0x00000000000018fa       0x1c ./Peripheral/src/ch32v00x_usart.o
                0x00000000000018fa                USART_Cmd
 .text.USART_SendData
                0x0000000000001916        0xa ./Peripheral/src/ch32v00x_usart.o
                0x0000000000001916                USART_SendData
 .text.USART_GetFlagStatus
                0x0000000000001920        0xc ./Peripheral/src/ch32v00x_usart.o
                0x0000000000001920                USART_GetFlagStatus
 .text.Delay_Init
                0x000000000000192c       0x34 ./Debug/debug.o
                0x000000000000192c                Delay_Init
 .text.SysTimer
                0x0000000000001960       0x36 ./Debug/debug.o
                0x0000000000001960                SysTimer
 .text.USART_Printf_Init
                0x0000000000001996       0x58 ./Debug/debug.o
                0x0000000000001996                USART_Printf_Init
 .text._write   0x00000000000019ee       0x4c ./Debug/debug.o
                0x00000000000019ee                _write
 .text._sbrk    0x0000000000001a3a       0x26 ./Debug/debug.o
                0x0000000000001a3a                _sbrk
 .text.__get_MISA
                0x0000000000001a60        0x6 ./Core/core_riscv.o
                0x0000000000001a60                __get_MISA
 .text.__muldi3
                0x0000000000001a66       0x6a c:/bin/mounriver/mrs_community/toolchain/risc-v embedded gcc/bin/../lib/gcc/riscv-none-embed/8.2.0/rv32ec/ilp32e\libgcc.a(multi3.o)
                0x0000000000001a66                __muldi3
 .text.abort    0x0000000000001ad0        0xe c:/bin/mounriver/mrs_community/toolchain/risc-v embedded gcc/bin/../lib/gcc/riscv-none-embed/8.2.0/../../../../riscv-none-embed/lib/rv32ec/ilp32e\libg_nano.a(lib_a-abort.o)
                0x0000000000001ad0                abort
 .text.memcpy   0x0000000000001ade       0xd8 c:/bin/mounriver/mrs_community/toolchain/risc-v embedded gcc/bin/../lib/gcc/riscv-none-embed/8.2.0/../../../../riscv-none-embed/lib/rv32ec/ilp32e\libg_nano.a(lib_a-memcpy.o)
                0x0000000000001ade                memcpy
 .text.printf   0x0000000000001bb6       0x42 c:/bin/mounriver/mrs_community/toolchain/risc-v embedded gcc/bin/../lib/gcc/riscv-none-embed/8.2.0/../../../../riscv-none-embed/lib/rv32ec/ilp32e\libg_nano.a(lib_a-printf.o)
                0x0000000000001bb6                iprintf
                0x0000000000001bb6                printf
 .text._raise_r
                0x0000000000001bf8       0x62 c:/bin/mounriver/mrs_community/toolchain/risc-v embedded gcc/bin/../lib/gcc/riscv-none-embed/8.2.0/../../../../riscv-none-embed/lib/rv32ec/ilp32e\libg_nano.a(lib_a-signal.o)
                0x0000000000001bf8                _raise_r
 .text.raise    0x0000000000001c5a        0xe c:/bin/mounriver/mrs_community/toolchain/risc-v embedded gcc/bin/../lib/gcc/riscv-none-embed/8.2.0/../../../../riscv-none-embed/lib/rv32ec/ilp32e\libg_nano.a(lib_a-signal.o)
                0x0000000000001c5a                raise
 .text._kill_r  0x0000000000001c68       0x2c c:/bin/mounriver/mrs_community/toolchain/risc-v embedded gcc/bin/../lib/gcc/riscv-none-embed/8.2.0/../../../../riscv-none-embed/lib/rv32ec/ilp32e\libg_nano.a(lib_a-signalr.o)
                0x0000000000001c68                _kill_r
 .text._getpid_r
                0x0000000000001c94        0x4 c:/bin/mounriver/mrs_community/toolchain/risc-v embedded gcc/bin/../lib/gcc/riscv-none-embed/8.2.0/../../../../riscv-none-embed/lib/rv32ec/ilp32e\libg_nano.a(lib_a-signalr.o)
                0x0000000000001c94                _getpid_r
 .text.std      0x0000000000001c98       0x6a c:/bin/mounriver/mrs_community/toolchain/risc-v embedded gcc/bin/../lib/gcc/riscv-none-embed/8.2.0/../../../../riscv-none-embed/lib/rv32ec/ilp32e\libg_nano.a(lib_a-findfp.o)
 .text._cleanup_r
                0x0000000000001d02        0xa c:/bin/mounriver/mrs_community/toolchain/risc-v embedded gcc/bin/../lib/gcc/riscv-none-embed/8.2.0/../../../../riscv-none-embed/lib/rv32ec/ilp32e\libg_nano.a(lib_a-findfp.o)
                0x0000000000001d02                _cleanup_r
 .text.__sfmoreglue
                0x0000000000001d0c       0x48 c:/bin/mounriver/mrs_community/toolchain/risc-v embedded gcc/bin/../lib/gcc/riscv-none-embed/8.2.0/../../../../riscv-none-embed/lib/rv32ec/ilp32e\libg_nano.a(lib_a-findfp.o)
                0x0000000000001d0c                __sfmoreglue
 .text.__sinit  0x0000000000001d54       0x6a c:/bin/mounriver/mrs_community/toolchain/risc-v embedded gcc/bin/../lib/gcc/riscv-none-embed/8.2.0/../../../../riscv-none-embed/lib/rv32ec/ilp32e\libg_nano.a(lib_a-findfp.o)
                0x0000000000001d54                __sinit
 .text.__sfp    0x0000000000001dbe       0x9e c:/bin/mounriver/mrs_community/toolchain/risc-v embedded gcc/bin/../lib/gcc/riscv-none-embed/8.2.0/../../../../riscv-none-embed/lib/rv32ec/ilp32e\libg_nano.a(lib_a-findfp.o)
                0x0000000000001dbe                __sfp
 .text._fwalk_reent
                0x0000000000001e5c       0x60 c:/bin/mounriver/mrs_community/toolchain/risc-v embedded gcc/bin/../lib/gcc/riscv-none-embed/8.2.0/../../../../riscv-none-embed/lib/rv32ec/ilp32e\libg_nano.a(lib_a-fwalk.o)
                0x0000000000001e5c                _fwalk_reent
 .text._malloc_r
                0x0000000000001ebc       0xde c:/bin/mounriver/mrs_community/toolchain/risc-v embedded gcc/bin/../lib/gcc/riscv-none-embed/8.2.0/../../../../riscv-none-embed/lib/rv32ec/ilp32e\libg_nano.a(lib_a-nano-mallocr.o)
                0x0000000000001ebc                _malloc_r
 .text.__sfputc_r
                0x0000000000001f9a       0x2a c:/bin/mounriver/mrs_community/toolchain/risc-v embedded gcc/bin/../lib/gcc/riscv-none-embed/8.2.0/../../../../riscv-none-embed/lib/rv32ec/ilp32e\libg_nano.a(lib_a-nano-vfprintf.o)
 .text.__sfputs_r
                0x0000000000001fc4       0x3e c:/bin/mounriver/mrs_community/toolchain/risc-v embedded gcc/bin/../lib/gcc/riscv-none-embed/8.2.0/../../../../riscv-none-embed/lib/rv32ec/ilp32e\libg_nano.a(lib_a-nano-vfprintf.o)
                0x0000000000001fc4                __sfputs_r
 .text._vfprintf_r
                0x0000000000002002      0x2c6 c:/bin/mounriver/mrs_community/toolchain/risc-v embedded gcc/bin/../lib/gcc/riscv-none-embed/8.2.0/../../../../riscv-none-embed/lib/rv32ec/ilp32e\libg_nano.a(lib_a-nano-vfprintf.o)
                0x0000000000002002                _vfprintf_r
                0x0000000000002002                _vfiprintf_r
 .text._printf_common
                0x00000000000022c8      0x12c c:/bin/mounriver/mrs_community/toolchain/risc-v embedded gcc/bin/../lib/gcc/riscv-none-embed/8.2.0/../../../../riscv-none-embed/lib/rv32ec/ilp32e\libg_nano.a(lib_a-nano-vfprintf_i.o)
                0x00000000000022c8                _printf_common
 .text._printf_i
                0x00000000000023f4      0x2c6 c:/bin/mounriver/mrs_community/toolchain/risc-v embedded gcc/bin/../lib/gcc/riscv-none-embed/8.2.0/../../../../riscv-none-embed/lib/rv32ec/ilp32e\libg_nano.a(lib_a-nano-vfprintf_i.o)
                0x00000000000023f4                _printf_i
 .text._sbrk_r  0x00000000000026ba       0x2a c:/bin/mounriver/mrs_community/toolchain/risc-v embedded gcc/bin/../lib/gcc/riscv-none-embed/8.2.0/../../../../riscv-none-embed/lib/rv32ec/ilp32e\libg_nano.a(lib_a-sbrkr.o)
                0x00000000000026ba                _sbrk_r
 .text.__sread  0x00000000000026e4       0x30 c:/bin/mounriver/mrs_community/toolchain/risc-v embedded gcc/bin/../lib/gcc/riscv-none-embed/8.2.0/../../../../riscv-none-embed/lib/rv32ec/ilp32e\libg_nano.a(lib_a-stdio.o)
                0x00000000000026e4                __sread
 .text.__swrite
                0x0000000000002714       0x4e c:/bin/mounriver/mrs_community/toolchain/risc-v embedded gcc/bin/../lib/gcc/riscv-none-embed/8.2.0/../../../../riscv-none-embed/lib/rv32ec/ilp32e\libg_nano.a(lib_a-stdio.o)
                0x0000000000002714                __swrite
 .text.__sseek  0x0000000000002762       0x36 c:/bin/mounriver/mrs_community/toolchain/risc-v embedded gcc/bin/../lib/gcc/riscv-none-embed/8.2.0/../../../../riscv-none-embed/lib/rv32ec/ilp32e\libg_nano.a(lib_a-stdio.o)
                0x0000000000002762                __sseek
 .text.__sclose
                0x0000000000002798        0x6 c:/bin/mounriver/mrs_community/toolchain/risc-v embedded gcc/bin/../lib/gcc/riscv-none-embed/8.2.0/../../../../riscv-none-embed/lib/rv32ec/ilp32e\libg_nano.a(lib_a-stdio.o)
                0x0000000000002798                __sclose
 .text.__swbuf_r
                0x000000000000279e       0xca c:/bin/mounriver/mrs_community/toolchain/risc-v embedded gcc/bin/../lib/gcc/riscv-none-embed/8.2.0/../../../../riscv-none-embed/lib/rv32ec/ilp32e\libg_nano.a(lib_a-wbuf.o)
                0x000000000000279e                __swbuf_r
 .text._write_r
                0x0000000000002868       0x2e c:/bin/mounriver/mrs_community/toolchain/risc-v embedded gcc/bin/../lib/gcc/riscv-none-embed/8.2.0/../../../../riscv-none-embed/lib/rv32ec/ilp32e\libg_nano.a(lib_a-writer.o)
                0x0000000000002868                _write_r
 .text.__swsetup_r
                0x0000000000002896      0x114 c:/bin/mounriver/mrs_community/toolchain/risc-v embedded gcc/bin/../lib/gcc/riscv-none-embed/8.2.0/../../../../riscv-none-embed/lib/rv32ec/ilp32e\libg_nano.a(lib_a-wsetup.o)
                0x0000000000002896                __swsetup_r
 .text._close_r
                0x00000000000029aa       0x28 c:/bin/mounriver/mrs_community/toolchain/risc-v embedded gcc/bin/../lib/gcc/riscv-none-embed/8.2.0/../../../../riscv-none-embed/lib/rv32ec/ilp32e\libg_nano.a(lib_a-closer.o)
                0x00000000000029aa                _close_r
 .text.__sflush_r
                0x00000000000029d2      0x134 c:/bin/mounriver/mrs_community/toolchain/risc-v embedded gcc/bin/../lib/gcc/riscv-none-embed/8.2.0/../../../../riscv-none-embed/lib/rv32ec/ilp32e\libg_nano.a(lib_a-fflush.o)
                0x00000000000029d2                __sflush_r
 .text._fflush_r
                0x0000000000002b06       0x68 c:/bin/mounriver/mrs_community/toolchain/risc-v embedded gcc/bin/../lib/gcc/riscv-none-embed/8.2.0/../../../../riscv-none-embed/lib/rv32ec/ilp32e\libg_nano.a(lib_a-fflush.o)
                0x0000000000002b06                _fflush_r
 .text._lseek_r
                0x0000000000002b6e       0x2c c:/bin/mounriver/mrs_community/toolchain/risc-v embedded gcc/bin/../lib/gcc/riscv-none-embed/8.2.0/../../../../riscv-none-embed/lib/rv32ec/ilp32e\libg_nano.a(lib_a-lseekr.o)
                0x0000000000002b6e                _lseek_r
 .text.__swhatbuf_r
                0x0000000000002b9a       0x62 c:/bin/mounriver/mrs_community/toolchain/risc-v embedded gcc/bin/../lib/gcc/riscv-none-embed/8.2.0/../../../../riscv-none-embed/lib/rv32ec/ilp32e\libg_nano.a(lib_a-makebuf.o)
                0x0000000000002b9a                __swhatbuf_r
 .text.__smakebuf_r
                0x0000000000002bfc       0x9c c:/bin/mounriver/mrs_community/toolchain/risc-v embedded gcc/bin/../lib/gcc/riscv-none-embed/8.2.0/../../../../riscv-none-embed/lib/rv32ec/ilp32e\libg_nano.a(lib_a-makebuf.o)
                0x0000000000002bfc                __smakebuf_r
 .text.memchr   0x0000000000002c98       0x1a c:/bin/mounriver/mrs_community/toolchain/risc-v embedded gcc/bin/../lib/gcc/riscv-none-embed/8.2.0/../../../../riscv-none-embed/lib/rv32ec/ilp32e\libg_nano.a(lib_a-memchr.o)
                0x0000000000002c98                memchr
 .text.__malloc_lock
                0x0000000000002cb2        0x2 c:/bin/mounriver/mrs_community/toolchain/risc-v embedded gcc/bin/../lib/gcc/riscv-none-embed/8.2.0/../../../../riscv-none-embed/lib/rv32ec/ilp32e\libg_nano.a(lib_a-mlock.o)
                0x0000000000002cb2                __malloc_lock
 .text.__malloc_unlock
                0x0000000000002cb4        0x2 c:/bin/mounriver/mrs_community/toolchain/risc-v embedded gcc/bin/../lib/gcc/riscv-none-embed/8.2.0/../../../../riscv-none-embed/lib/rv32ec/ilp32e\libg_nano.a(lib_a-mlock.o)
                0x0000000000002cb4                __malloc_unlock
 .text._free_r  0x0000000000002cb6       0xac c:/bin/mounriver/mrs_community/toolchain/risc-v embedded gcc/bin/../lib/gcc/riscv-none-embed/8.2.0/../../../../riscv-none-embed/lib/rv32ec/ilp32e\libg_nano.a(lib_a-nano-freer.o)
                0x0000000000002cb6                _free_r
 .text._read_r  0x0000000000002d62       0x2c c:/bin/mounriver/mrs_community/toolchain/risc-v embedded gcc/bin/../lib/gcc/riscv-none-embed/8.2.0/../../../../riscv-none-embed/lib/rv32ec/ilp32e\libg_nano.a(lib_a-readr.o)
                0x0000000000002d62                _read_r
 .text._fstat_r
                0x0000000000002d8e       0x2a c:/bin/mounriver/mrs_community/toolchain/risc-v embedded gcc/bin/../lib/gcc/riscv-none-embed/8.2.0/../../../../riscv-none-embed/lib/rv32ec/ilp32e\libg_nano.a(lib_a-fstatr.o)
                0x0000000000002d8e                _fstat_r
 .text._isatty_r
                0x0000000000002db8       0x28 c:/bin/mounriver/mrs_community/toolchain/risc-v embedded gcc/bin/../lib/gcc/riscv-none-embed/8.2.0/../../../../riscv-none-embed/lib/rv32ec/ilp32e\libg_nano.a(lib_a-isattyr.o)
                0x0000000000002db8                _isatty_r
 .text._close   0x0000000000002de0        0xc c:/bin/mounriver/mrs_community/toolchain/risc-v embedded gcc/bin/../lib/gcc/riscv-none-embed/8.2.0/../../../../riscv-none-embed/lib/rv32ec/ilp32e\libnosys.a(close.o)
                0x0000000000002de0                _close
 .text._fstat   0x0000000000002dec        0xc c:/bin/mounriver/mrs_community/toolchain/risc-v embedded gcc/bin/../lib/gcc/riscv-none-embed/8.2.0/../../../../riscv-none-embed/lib/rv32ec/ilp32e\libnosys.a(fstat.o)
                0x0000000000002dec                _fstat
 .text._getpid  0x0000000000002df8        0xc c:/bin/mounriver/mrs_community/toolchain/risc-v embedded gcc/bin/../lib/gcc/riscv-none-embed/8.2.0/../../../../riscv-none-embed/lib/rv32ec/ilp32e\libnosys.a(getpid.o)
                0x0000000000002df8                _getpid
 .text._isatty  0x0000000000002e04        0xc c:/bin/mounriver/mrs_community/toolchain/risc-v embedded gcc/bin/../lib/gcc/riscv-none-embed/8.2.0/../../../../riscv-none-embed/lib/rv32ec/ilp32e\libnosys.a(isatty.o)
                0x0000000000002e04                _isatty
 .text._kill    0x0000000000002e10        0xc c:/bin/mounriver/mrs_community/toolchain/risc-v embedded gcc/bin/../lib/gcc/riscv-none-embed/8.2.0/../../../../riscv-none-embed/lib/rv32ec/ilp32e\libnosys.a(kill.o)
                0x0000000000002e10                _kill
 .text._lseek   0x0000000000002e1c        0xc c:/bin/mounriver/mrs_community/toolchain/risc-v embedded gcc/bin/../lib/gcc/riscv-none-embed/8.2.0/../../../../riscv-none-embed/lib/rv32ec/ilp32e\libnosys.a(lseek.o)
                0x0000000000002e1c                _lseek
 .text._read    0x0000000000002e28        0xc c:/bin/mounriver/mrs_community/toolchain/risc-v embedded gcc/bin/../lib/gcc/riscv-none-embed/8.2.0/../../../../riscv-none-embed/lib/rv32ec/ilp32e\libnosys.a(read.o)
                0x0000000000002e28                _read
 .text._exit    0x0000000000002e34        0x2 c:/bin/mounriver/mrs_community/toolchain/risc-v embedded gcc/bin/../lib/gcc/riscv-none-embed/8.2.0/../../../../riscv-none-embed/lib/rv32ec/ilp32e\libnosys.a(_exit.o)
                0x0000000000002e34                _exit
 *(.rodata)
 *fill*         0x0000000000002e36        0x2 
 .rodata        0x0000000000002e38        0x8 ./libhydrogen/hydrogen.o
 *(.rodata*)
 .rodata.hydro_x25519_BASE_POINT
                0x0000000000002e40       0x20 ./libhydrogen/hydrogen.o
 .rodata.hydro_x25519_a24
                0x0000000000002e60        0x4 ./libhydrogen/hydrogen.o
 .rodata.hydro_x25519_sc_p
                0x0000000000002e64       0x20 ./libhydrogen/hydrogen.o
 .rodata.hydro_x25519_sc_r2
                0x0000000000002e84       0x20 ./libhydrogen/hydrogen.o
 .rodata.zero   0x0000000000002ea4       0x40 ./libhydrogen/hydrogen.o
 .rodata.SYSTEM_CFG.str1.4
                0x0000000000002ee4       0xa5 ./User/main.o
 *fill*         0x0000000000002f89        0x3 
 .rodata.main.str1.4
                0x0000000000002f8c      0x1ea ./User/main.o
 *fill*         0x0000000000003176        0x2 
 .rodata.printHex.str1.4
                0x0000000000003178       0x19 ./User/main.o
                                         0x23 (size before relaxing)
 *fill*         0x0000000000003191        0x3 
 .rodata.__sf_fake_stderr
                0x0000000000003194       0x20 c:/bin/mounriver/mrs_community/toolchain/risc-v embedded gcc/bin/../lib/gcc/riscv-none-embed/8.2.0/../../../../riscv-none-embed/lib/rv32ec/ilp32e\libg_nano.a(lib_a-findfp.o)
                0x0000000000003194                __sf_fake_stderr
 .rodata.__sf_fake_stdin
                0x00000000000031b4       0x20 c:/bin/mounriver/mrs_community/toolchain/risc-v embedded gcc/bin/../lib/gcc/riscv-none-embed/8.2.0/../../../../riscv-none-embed/lib/rv32ec/ilp32e\libg_nano.a(lib_a-findfp.o)
                0x00000000000031b4                __sf_fake_stdin
 .rodata.__sf_fake_stdout
                0x00000000000031d4       0x20 c:/bin/mounriver/mrs_community/toolchain/risc-v embedded gcc/bin/../lib/gcc/riscv-none-embed/8.2.0/../../../../riscv-none-embed/lib/rv32ec/ilp32e\libg_nano.a(lib_a-findfp.o)
                0x00000000000031d4                __sf_fake_stdout
 .rodata._vfprintf_r.str1.4
                0x00000000000031f4       0x13 c:/bin/mounriver/mrs_community/toolchain/risc-v embedded gcc/bin/../lib/gcc/riscv-none-embed/8.2.0/../../../../riscv-none-embed/lib/rv32ec/ilp32e\libg_nano.a(lib_a-nano-vfprintf.o)
 *fill*         0x0000000000003207        0x1 
 .rodata._printf_i.str1.4
                0x0000000000003208       0x28 c:/bin/mounriver/mrs_community/toolchain/risc-v embedded gcc/bin/../lib/gcc/riscv-none-embed/8.2.0/../../../../riscv-none-embed/lib/rv32ec/ilp32e\libg_nano.a(lib_a-nano-vfprintf_i.o)
                                         0x25 (size before relaxing)
 *(.gnu.linkonce.t.*)
                0x0000000000003230                . = ALIGN (0x4)

.rela.dyn       0x0000000000003230        0x0
 .rela.init     0x0000000000003230        0x0 ./libhydrogen/hydrogen.o
 .rela.text.handle_reset
                0x0000000000003230        0x0 ./libhydrogen/hydrogen.o
 .rela.text._sbrk
                0x0000000000003230        0x0 ./libhydrogen/hydrogen.o
 .rela.data.curbrk.4065
                0x0000000000003230        0x0 ./libhydrogen/hydrogen.o
 .rela.text._kill_r
                0x0000000000003230        0x0 ./libhydrogen/hydrogen.o
 .rela.text._vfprintf_r
                0x0000000000003230        0x0 ./libhydrogen/hydrogen.o
 .rela.text._sbrk_r
                0x0000000000003230        0x0 ./libhydrogen/hydrogen.o
 .rela.text._write_r
                0x0000000000003230        0x0 ./libhydrogen/hydrogen.o
 .rela.text._close_r
                0x0000000000003230        0x0 ./libhydrogen/hydrogen.o
 .rela.text._lseek_r
                0x0000000000003230        0x0 ./libhydrogen/hydrogen.o
 .rela.text._read_r
                0x0000000000003230        0x0 ./libhydrogen/hydrogen.o
 .rela.text._fstat_r
                0x0000000000003230        0x0 ./libhydrogen/hydrogen.o
 .rela.text._isatty_r
                0x0000000000003230        0x0 ./libhydrogen/hydrogen.o
 .rela.text._close
                0x0000000000003230        0x0 ./libhydrogen/hydrogen.o
 .rela.text._fstat
                0x0000000000003230        0x0 ./libhydrogen/hydrogen.o
 .rela.text._getpid
                0x0000000000003230        0x0 ./libhydrogen/hydrogen.o
 .rela.text._isatty
                0x0000000000003230        0x0 ./libhydrogen/hydrogen.o
 .rela.text._kill
                0x0000000000003230        0x0 ./libhydrogen/hydrogen.o
 .rela.text._lseek
                0x0000000000003230        0x0 ./libhydrogen/hydrogen.o
 .rela.text._read
                0x0000000000003230        0x0 ./libhydrogen/hydrogen.o

.fini           0x0000000000003230        0x0
 *(SORT_NONE(.fini))
                0x0000000000003230                . = ALIGN (0x4)
                [!provide]                        PROVIDE (_etext = .)
                [!provide]                        PROVIDE (_eitcm = .)

.preinit_array  0x0000000000003230        0x0
                [!provide]                        PROVIDE (__preinit_array_start = .)
 *(.preinit_array)
                [!provide]                        PROVIDE (__preinit_array_end = .)

.init_array     0x0000000000003230        0x0
                [!provide]                        PROVIDE (__init_array_start = .)
 *(SORT_BY_INIT_PRIORITY(.init_array.*) SORT_BY_INIT_PRIORITY(.ctors.*))
 *(.init_array EXCLUDE_FILE(*crtend?.o *crtend.o *crtbegin?.o *crtbegin.o) .ctors)
                [!provide]                        PROVIDE (__init_array_end = .)

.fini_array     0x0000000000003230        0x0
                [!provide]                        PROVIDE (__fini_array_start = .)
 *(SORT_BY_INIT_PRIORITY(.fini_array.*) SORT_BY_INIT_PRIORITY(.dtors.*))
 *(.fini_array EXCLUDE_FILE(*crtend?.o *crtend.o *crtbegin?.o *crtbegin.o) .dtors)
                [!provide]                        PROVIDE (__fini_array_end = .)

.ctors
 *crtbegin.o(.ctors)
 *crtbegin?.o(.ctors)
 *(EXCLUDE_FILE(*crtend?.o *crtend.o) .ctors)
 *(SORT_BY_NAME(.ctors.*))
 *(.ctors)

.dtors
 *crtbegin.o(.dtors)
 *crtbegin?.o(.dtors)
 *(EXCLUDE_FILE(*crtend?.o *crtend.o) .dtors)
 *(SORT_BY_NAME(.dtors.*))
 *(.dtors)

.dalign         0x0000000020000000        0x0 load address 0x0000000000003230
                0x0000000020000000                . = ALIGN (0x4)
                0x0000000020000000                PROVIDE (_data_vma = .)

.dlalign        0x0000000000003230        0x0
                0x0000000000003230                . = ALIGN (0x4)
                0x0000000000003230                PROVIDE (_data_lma = .)

.data           0x0000000020000000       0xa8 load address 0x0000000000003230
                0x0000000020000000                . = ALIGN (0x4)
 *(.gnu.linkonce.r.*)
 *(.data .data.*)
 .data.AHBPrescTable
                0x0000000020000000       0x10 ./User/system_ch32v00x.o
                0x0000000020000000                AHBPrescTable
 .data.SystemCoreClock
                0x0000000020000010        0x4 ./User/system_ch32v00x.o
                0x0000000020000010                SystemCoreClock
 .data.current_channel
                0x0000000020000014        0x1 ./User/user_ADC.o
                0x0000000020000014                current_channel
 *fill*         0x0000000020000015        0x3 
 .data.ADCPrescTable
                0x0000000020000018       0x14 ./Peripheral/src/ch32v00x_rcc.o
 .data.APBAHBPrescTable
                0x000000002000002c       0x10 ./Peripheral/src/ch32v00x_rcc.o
 .data.curbrk.4065
                0x000000002000003c        0x4 ./Debug/debug.o
 .data.impure_data
                0x0000000020000040       0x60 c:/bin/mounriver/mrs_community/toolchain/risc-v embedded gcc/bin/../lib/gcc/riscv-none-embed/8.2.0/../../../../riscv-none-embed/lib/rv32ec/ilp32e\libg_nano.a(lib_a-impure.o)
 *(.gnu.linkonce.d.*)
                0x00000000200000a0                . = ALIGN (0x8)
                0x00000000200008a0                PROVIDE (__global_pointer$ = (. + 0x800))
 *(.sdata .sdata.*)
 .sdata._impure_ptr
                0x00000000200000a0        0x4 c:/bin/mounriver/mrs_community/toolchain/risc-v embedded gcc/bin/../lib/gcc/riscv-none-embed/8.2.0/../../../../riscv-none-embed/lib/rv32ec/ilp32e\libg_nano.a(lib_a-impure.o)
                0x00000000200000a0                _impure_ptr
 *(.sdata2*)
 .sdata2._global_impure_ptr
                0x00000000200000a4        0x4 c:/bin/mounriver/mrs_community/toolchain/risc-v embedded gcc/bin/../lib/gcc/riscv-none-embed/8.2.0/../../../../riscv-none-embed/lib/rv32ec/ilp32e\libg_nano.a(lib_a-impure.o)
                0x00000000200000a4                _global_impure_ptr
 *(.gnu.linkonce.s.*)
                0x00000000200000a8                . = ALIGN (0x8)
 *(.srodata.cst16)
 *(.srodata.cst8)
 *(.srodata.cst4)
 *(.srodata.cst2)
 *(.srodata .srodata.*)
                0x00000000200000a8                . = ALIGN (0x4)
                0x00000000200000a8                PROVIDE (_edata = .)

.bss            0x00000000200000b0       0x84 load address 0x00000000000032d8
                0x00000000200000b0                . = ALIGN (0x4)
                0x00000000200000b0                PROVIDE (_sbss = .)
 *(.sbss*)
 .sbss.__malloc_free_list
                0x00000000200000b0        0x4 c:/bin/mounriver/mrs_community/toolchain/risc-v embedded gcc/bin/../lib/gcc/riscv-none-embed/8.2.0/../../../../riscv-none-embed/lib/rv32ec/ilp32e\libg_nano.a(lib_a-nano-mallocr.o)
                0x00000000200000b0                __malloc_free_list
 .sbss.__malloc_sbrk_start
                0x00000000200000b4        0x4 c:/bin/mounriver/mrs_community/toolchain/risc-v embedded gcc/bin/../lib/gcc/riscv-none-embed/8.2.0/../../../../riscv-none-embed/lib/rv32ec/ilp32e\libg_nano.a(lib_a-nano-mallocr.o)
                0x00000000200000b4                __malloc_sbrk_start
 *(.gnu.linkonce.sb.*)
 *(.bss*)
 *fill*         0x00000000200000b8        0x8 
 .bss.hydro_random_context
                0x00000000200000c0       0x40 ./libhydrogen/hydrogen.o
 .bss.uptime_ms
                0x0000000020000100        0x4 ./User/main.o
                0x0000000020000100                uptime_ms
 .bss.ADC_Channel_3_value
                0x0000000020000104        0x2 ./User/user_ADC.o
                0x0000000020000104                ADC_Channel_3_value
 .bss.ADC_Channel_4_value
                0x0000000020000106        0x2 ./User/user_ADC.o
                0x0000000020000106                ADC_Channel_4_value
 .bss.ADC_Channel_Vrefint_value
                0x0000000020000108        0x2 ./User/user_ADC.o
                0x0000000020000108                ADC_Channel_Vrefint_value
 *fill*         0x000000002000010a        0x6 
 .bss.entropy_buffer
                0x0000000020000110        0x8 ./User/user_ADC.o
                0x0000000020000110                entropy_buffer
 .bss.entropy_buffer_count
                0x0000000020000118        0x1 ./User/user_ADC.o
                0x0000000020000118                entropy_buffer_count
 *fill*         0x0000000020000119        0x3 
 .bss.extract   0x000000002000011c        0x4 ./User/user_ADC.o
                0x000000002000011c                extract
 .bss.extract_RDY
                0x0000000020000120        0x4 ./User/user_ADC.o
                0x0000000020000120                extract_RDY
 .bss.extract_count
                0x0000000020000124        0x1 ./User/user_ADC.o
                0x0000000020000124                extract_count
 *fill*         0x0000000020000125        0x3 
 .bss.NVIC_Priority_Group
                0x0000000020000128        0x4 ./Peripheral/src/ch32v00x_misc.o
                0x0000000020000128                NVIC_Priority_Group
 .bss.p_ms      0x000000002000012c        0x2 ./Debug/debug.o
 .bss.p_us      0x000000002000012e        0x1 ./Debug/debug.o
 *(.gnu.linkonce.b.*)
 *(COMMON*)
 *fill*         0x000000002000012f        0x1 
 COMMON         0x0000000020000130        0x4 c:/bin/mounriver/mrs_community/toolchain/risc-v embedded gcc/bin/../lib/gcc/riscv-none-embed/8.2.0/../../../../riscv-none-embed/lib/rv32ec/ilp32e\libg_nano.a(lib_a-reent.o)
                0x0000000020000130                errno
                0x0000000020000134                . = ALIGN (0x4)
                0x0000000020000134                PROVIDE (_ebss = .)
                0x0000000020000134                PROVIDE (_end = _ebss)
                [!provide]                        PROVIDE (end = .)

.stack          0x0000000020000700      0x100
                0x0000000020000700                PROVIDE (_heap_end = .)
                0x0000000020000700                . = ALIGN (0x4)
                [!provide]                        PROVIDE (_susrstack = .)
                0x0000000020000800                . = (. + __stack_size)
 *fill*         0x0000000020000700      0x100 
                0x0000000020000800                PROVIDE (_eusrstack = .)
OUTPUT(CH32V003F4P6-libhydrogen-PoC.elf elf32-littleriscv)

.debug_info     0x0000000000000000    0x120c4
 .debug_info    0x0000000000000000     0x7b82 ./libhydrogen/hydrogen.o
 .debug_info    0x0000000000007b82      0xaae ./User/ch32v00x_it.o
 .debug_info    0x0000000000008630     0x1353 ./User/main.o
 .debug_info    0x0000000000009983      0xb65 ./User/system_ch32v00x.o
 .debug_info    0x000000000000a4e8     0x12f9 ./User/user_ADC.o
 .debug_info    0x000000000000b7e1       0x22 ./Startup/startup_ch32v00x.o
 .debug_info    0x000000000000b803     0x1532 ./Peripheral/src/ch32v00x_adc.o
 .debug_info    0x000000000000cd35      0xf95 ./Peripheral/src/ch32v00x_gpio.o
 .debug_info    0x000000000000dcca      0xde6 ./Peripheral/src/ch32v00x_misc.o
 .debug_info    0x000000000000eab0     0x106f ./Peripheral/src/ch32v00x_rcc.o
 .debug_info    0x000000000000fb1f     0x135d ./Peripheral/src/ch32v00x_usart.o
 .debug_info    0x0000000000010e7c      0xf24 ./Debug/debug.o
 .debug_info    0x0000000000011da0      0x324 ./Core/core_riscv.o

.debug_abbrev   0x0000000000000000     0x2563
 .debug_abbrev  0x0000000000000000      0x6a1 ./libhydrogen/hydrogen.o
 .debug_abbrev  0x00000000000006a1      0x1e9 ./User/ch32v00x_it.o
 .debug_abbrev  0x000000000000088a      0x398 ./User/main.o
 .debug_abbrev  0x0000000000000c22      0x269 ./User/system_ch32v00x.o
 .debug_abbrev  0x0000000000000e8b      0x35e ./User/user_ADC.o
 .debug_abbrev  0x00000000000011e9       0x12 ./Startup/startup_ch32v00x.o
 .debug_abbrev  0x00000000000011fb      0x307 ./Peripheral/src/ch32v00x_adc.o
 .debug_abbrev  0x0000000000001502      0x2f8 ./Peripheral/src/ch32v00x_gpio.o
 .debug_abbrev  0x00000000000017fa      0x2fb ./Peripheral/src/ch32v00x_misc.o
 .debug_abbrev  0x0000000000001af5      0x36d ./Peripheral/src/ch32v00x_rcc.o
 .debug_abbrev  0x0000000000001e62      0x323 ./Peripheral/src/ch32v00x_usart.o
 .debug_abbrev  0x0000000000002185      0x2fe ./Debug/debug.o
 .debug_abbrev  0x0000000000002483       0xe0 ./Core/core_riscv.o

.debug_loc      0x0000000000000000     0x8d2e
 .debug_loc     0x0000000000000000     0x6ad2 ./libhydrogen/hydrogen.o
 .debug_loc     0x0000000000006ad2      0x10f ./User/main.o
 .debug_loc     0x0000000000006be1       0x55 ./User/system_ch32v00x.o
 .debug_loc     0x0000000000006c36      0x171 ./User/user_ADC.o
 .debug_loc     0x0000000000006da7      0x9fa ./Peripheral/src/ch32v00x_adc.o
 .debug_loc     0x00000000000077a1      0x670 ./Peripheral/src/ch32v00x_gpio.o
 .debug_loc     0x0000000000007e11       0xce ./Peripheral/src/ch32v00x_misc.o
 .debug_loc     0x0000000000007edf      0x59f ./Peripheral/src/ch32v00x_rcc.o
 .debug_loc     0x000000000000847e      0x735 ./Peripheral/src/ch32v00x_usart.o
 .debug_loc     0x0000000000008bb3      0x17b ./Debug/debug.o

.debug_aranges  0x0000000000000000      0x888
 .debug_aranges
                0x0000000000000000      0x2d8 ./libhydrogen/hydrogen.o
 .debug_aranges
                0x00000000000002d8       0x30 ./User/ch32v00x_it.o
 .debug_aranges
                0x0000000000000308       0x30 ./User/main.o
 .debug_aranges
                0x0000000000000338       0x28 ./User/system_ch32v00x.o
 .debug_aranges
                0x0000000000000360       0x38 ./User/user_ADC.o
 .debug_aranges
                0x0000000000000398       0x30 ./Startup/startup_ch32v00x.o
 .debug_aranges
                0x00000000000003c8      0x138 ./Peripheral/src/ch32v00x_adc.o
 .debug_aranges
                0x0000000000000500       0x90 ./Peripheral/src/ch32v00x_gpio.o
 .debug_aranges
                0x0000000000000590       0x28 ./Peripheral/src/ch32v00x_misc.o
 .debug_aranges
                0x00000000000005b8       0xe0 ./Peripheral/src/ch32v00x_rcc.o
 .debug_aranges
                0x0000000000000698      0x100 ./Peripheral/src/ch32v00x_usart.o
 .debug_aranges
                0x0000000000000798       0x50 ./Debug/debug.o
 .debug_aranges
                0x00000000000007e8       0xa0 ./Core/core_riscv.o

.debug_ranges   0x0000000000000000      0xc58
 .debug_ranges  0x0000000000000000      0x688 ./libhydrogen/hydrogen.o
 .debug_ranges  0x0000000000000688       0x20 ./User/ch32v00x_it.o
 .debug_ranges  0x00000000000006a8       0x98 ./User/main.o
 .debug_ranges  0x0000000000000740       0x18 ./User/system_ch32v00x.o
 .debug_ranges  0x0000000000000758       0x58 ./User/user_ADC.o
 .debug_ranges  0x00000000000007b0       0x28 ./Startup/startup_ch32v00x.o
 .debug_ranges  0x00000000000007d8      0x128 ./Peripheral/src/ch32v00x_adc.o
 .debug_ranges  0x0000000000000900       0x80 ./Peripheral/src/ch32v00x_gpio.o
 .debug_ranges  0x0000000000000980       0x48 ./Peripheral/src/ch32v00x_misc.o
 .debug_ranges  0x00000000000009c8       0xd0 ./Peripheral/src/ch32v00x_rcc.o
 .debug_ranges  0x0000000000000a98       0xf0 ./Peripheral/src/ch32v00x_usart.o
 .debug_ranges  0x0000000000000b88       0x40 ./Debug/debug.o
 .debug_ranges  0x0000000000000bc8       0x90 ./Core/core_riscv.o

.debug_line     0x0000000000000000     0xc3ea
 .debug_line    0x0000000000000000     0x5893 ./libhydrogen/hydrogen.o
 .debug_line    0x0000000000005893      0x349 ./User/ch32v00x_it.o
 .debug_line    0x0000000000005bdc      0x740 ./User/main.o
 .debug_line    0x000000000000631c      0x54d ./User/system_ch32v00x.o
 .debug_line    0x0000000000006869      0x9a5 ./User/user_ADC.o
 .debug_line    0x000000000000720e      0x1ae ./Startup/startup_ch32v00x.o
 .debug_line    0x00000000000073bc     0x14c8 ./Peripheral/src/ch32v00x_adc.o
 .debug_line    0x0000000000008884      0xc4d ./Peripheral/src/ch32v00x_gpio.o
 .debug_line    0x00000000000094d1      0x557 ./Peripheral/src/ch32v00x_misc.o
 .debug_line    0x0000000000009a28      0xdf2 ./Peripheral/src/ch32v00x_rcc.o
 .debug_line    0x000000000000a81a      0xf94 ./Peripheral/src/ch32v00x_usart.o
 .debug_line    0x000000000000b7ae      0x848 ./Debug/debug.o
 .debug_line    0x000000000000bff6      0x3f4 ./Core/core_riscv.o

.debug_str      0x0000000000000000     0x2c73
 .debug_str     0x0000000000000000     0x1450 ./libhydrogen/hydrogen.o
                                       0x1599 (size before relaxing)
 .debug_str     0x0000000000001450      0x158 ./User/ch32v00x_it.o
                                        0x71b (size before relaxing)
 .debug_str     0x00000000000015a8      0x345 ./User/main.o
                                        0xa70 (size before relaxing)
 .debug_str     0x00000000000018ed       0xd2 ./User/system_ch32v00x.o
                                        0x6cb (size before relaxing)
 .debug_str     0x00000000000019bf      0x288 ./User/user_ADC.o
                                        0xbf0 (size before relaxing)
 .debug_str     0x0000000000001c47       0x2a ./Startup/startup_ch32v00x.o
                                         0x72 (size before relaxing)
 .debug_str     0x0000000000001c71      0x3bd ./Peripheral/src/ch32v00x_adc.o
                                        0xba0 (size before relaxing)
 .debug_str     0x000000000000202e      0x308 ./Peripheral/src/ch32v00x_gpio.o
                                        0x920 (size before relaxing)
 .debug_str     0x0000000000002336      0x105 ./Peripheral/src/ch32v00x_misc.o
                                        0x928 (size before relaxing)
 .debug_str     0x000000000000243b      0x2bd ./Peripheral/src/ch32v00x_rcc.o
                                        0x9c7 (size before relaxing)
 .debug_str     0x00000000000026f8      0x409 ./Peripheral/src/ch32v00x_usart.o
                                        0xb16 (size before relaxing)
 .debug_str     0x0000000000002b01       0x8e ./Debug/debug.o
                                        0x90a (size before relaxing)
 .debug_str     0x0000000000002b8f       0xe4 ./Core/core_riscv.o
                                        0x290 (size before relaxing)

.comment        0x0000000000000000       0x33
 .comment       0x0000000000000000       0x33 ./libhydrogen/hydrogen.o
                                         0x34 (size before relaxing)
 .comment       0x0000000000000033       0x34 ./User/ch32v00x_it.o
 .comment       0x0000000000000033       0x34 ./User/main.o
 .comment       0x0000000000000033       0x34 ./User/system_ch32v00x.o
 .comment       0x0000000000000033       0x34 ./User/user_ADC.o
 .comment       0x0000000000000033       0x34 ./Peripheral/src/ch32v00x_adc.o
 .comment       0x0000000000000033       0x34 ./Peripheral/src/ch32v00x_gpio.o
 .comment       0x0000000000000033       0x34 ./Peripheral/src/ch32v00x_misc.o
 .comment       0x0000000000000033       0x34 ./Peripheral/src/ch32v00x_rcc.o
 .comment       0x0000000000000033       0x34 ./Peripheral/src/ch32v00x_usart.o
 .comment       0x0000000000000033       0x34 ./Debug/debug.o
 .comment       0x0000000000000033       0x34 ./Core/core_riscv.o

.debug_frame    0x0000000000000000     0x21d4
 .debug_frame   0x0000000000000000      0xc84 ./libhydrogen/hydrogen.o
 .debug_frame   0x0000000000000c84       0x40 ./User/ch32v00x_it.o
 .debug_frame   0x0000000000000cc4       0x78 ./User/main.o
 .debug_frame   0x0000000000000d3c       0x40 ./User/system_ch32v00x.o
 .debug_frame   0x0000000000000d7c       0xb0 ./User/user_ADC.o
 .debug_frame   0x0000000000000e2c      0x26c ./Peripheral/src/ch32v00x_adc.o
 .debug_frame   0x0000000000001098      0x12c ./Peripheral/src/ch32v00x_gpio.o
 .debug_frame   0x00000000000011c4       0x30 ./Peripheral/src/ch32v00x_misc.o
 .debug_frame   0x00000000000011f4      0x1c0 ./Peripheral/src/ch32v00x_rcc.o
 .debug_frame   0x00000000000013b4      0x204 ./Peripheral/src/ch32v00x_usart.o
 .debug_frame   0x00000000000015b8       0xe4 ./Debug/debug.o
 .debug_frame   0x000000000000169c      0x120 ./Core/core_riscv.o
 .debug_frame   0x00000000000017bc       0x34 c:/bin/mounriver/mrs_community/toolchain/risc-v embedded gcc/bin/../lib/gcc/riscv-none-embed/8.2.0/rv32ec/ilp32e\libgcc.a(multi3.o)
 .debug_frame   0x00000000000017f0       0x28 c:/bin/mounriver/mrs_community/toolchain/risc-v embedded gcc/bin/../lib/gcc/riscv-none-embed/8.2.0/../../../../riscv-none-embed/lib/rv32ec/ilp32e\libg_nano.a(lib_a-abort.o)
 .debug_frame   0x0000000000001818       0x38 c:/bin/mounriver/mrs_community/toolchain/risc-v embedded gcc/bin/../lib/gcc/riscv-none-embed/8.2.0/../../../../riscv-none-embed/lib/rv32ec/ilp32e\libg_nano.a(lib_a-memcpy.o)
 .debug_frame   0x0000000000001850       0x54 c:/bin/mounriver/mrs_community/toolchain/risc-v embedded gcc/bin/../lib/gcc/riscv-none-embed/8.2.0/../../../../riscv-none-embed/lib/rv32ec/ilp32e\libg_nano.a(lib_a-printf.o)
 .debug_frame   0x00000000000018a4       0xe8 c:/bin/mounriver/mrs_community/toolchain/risc-v embedded gcc/bin/../lib/gcc/riscv-none-embed/8.2.0/../../../../riscv-none-embed/lib/rv32ec/ilp32e\libg_nano.a(lib_a-signal.o)
 .debug_frame   0x000000000000198c       0x40 c:/bin/mounriver/mrs_community/toolchain/risc-v embedded gcc/bin/../lib/gcc/riscv-none-embed/8.2.0/../../../../riscv-none-embed/lib/rv32ec/ilp32e\libg_nano.a(lib_a-signalr.o)
 .debug_frame   0x00000000000019cc      0x13c c:/bin/mounriver/mrs_community/toolchain/risc-v embedded gcc/bin/../lib/gcc/riscv-none-embed/8.2.0/../../../../riscv-none-embed/lib/rv32ec/ilp32e\libg_nano.a(lib_a-findfp.o)
 .debug_frame   0x0000000000001b08       0x60 c:/bin/mounriver/mrs_community/toolchain/risc-v embedded gcc/bin/../lib/gcc/riscv-none-embed/8.2.0/../../../../riscv-none-embed/lib/rv32ec/ilp32e\libg_nano.a(lib_a-fwalk.o)
 .debug_frame   0x0000000000001b68       0x38 c:/bin/mounriver/mrs_community/toolchain/risc-v embedded gcc/bin/../lib/gcc/riscv-none-embed/8.2.0/../../../../riscv-none-embed/lib/rv32ec/ilp32e\libg_nano.a(lib_a-nano-mallocr.o)
 .debug_frame   0x0000000000001ba0       0xa4 c:/bin/mounriver/mrs_community/toolchain/risc-v embedded gcc/bin/../lib/gcc/riscv-none-embed/8.2.0/../../../../riscv-none-embed/lib/rv32ec/ilp32e\libg_nano.a(lib_a-nano-vfprintf.o)
 .debug_frame   0x0000000000001c44       0x60 c:/bin/mounriver/mrs_community/toolchain/risc-v embedded gcc/bin/../lib/gcc/riscv-none-embed/8.2.0/../../../../riscv-none-embed/lib/rv32ec/ilp32e\libg_nano.a(lib_a-nano-vfprintf_i.o)
 .debug_frame   0x0000000000001ca4       0x64 c:/bin/mounriver/mrs_community/toolchain/risc-v embedded gcc/bin/../lib/gcc/riscv-none-embed/8.2.0/../../../../riscv-none-embed/lib/rv32ec/ilp32e\libg_nano.a(lib_a-reent.o)
 .debug_frame   0x0000000000001d08       0x30 c:/bin/mounriver/mrs_community/toolchain/risc-v embedded gcc/bin/../lib/gcc/riscv-none-embed/8.2.0/../../../../riscv-none-embed/lib/rv32ec/ilp32e\libg_nano.a(lib_a-sbrkr.o)
 .debug_frame   0x0000000000001d38       0x9c c:/bin/mounriver/mrs_community/toolchain/risc-v embedded gcc/bin/../lib/gcc/riscv-none-embed/8.2.0/../../../../riscv-none-embed/lib/rv32ec/ilp32e\libg_nano.a(lib_a-stdio.o)
 .debug_frame   0x0000000000001dd4       0x48 c:/bin/mounriver/mrs_community/toolchain/risc-v embedded gcc/bin/../lib/gcc/riscv-none-embed/8.2.0/../../../../riscv-none-embed/lib/rv32ec/ilp32e\libg_nano.a(lib_a-wbuf.o)
 .debug_frame   0x0000000000001e1c       0x30 c:/bin/mounriver/mrs_community/toolchain/risc-v embedded gcc/bin/../lib/gcc/riscv-none-embed/8.2.0/../../../../riscv-none-embed/lib/rv32ec/ilp32e\libg_nano.a(lib_a-writer.o)
 .debug_frame   0x0000000000001e4c       0x38 c:/bin/mounriver/mrs_community/toolchain/risc-v embedded gcc/bin/../lib/gcc/riscv-none-embed/8.2.0/../../../../riscv-none-embed/lib/rv32ec/ilp32e\libg_nano.a(lib_a-wsetup.o)
 .debug_frame   0x0000000000001e84       0x30 c:/bin/mounriver/mrs_community/toolchain/risc-v embedded gcc/bin/../lib/gcc/riscv-none-embed/8.2.0/../../../../riscv-none-embed/lib/rv32ec/ilp32e\libg_nano.a(lib_a-closer.o)
 .debug_frame   0x0000000000001eb4       0x74 c:/bin/mounriver/mrs_community/toolchain/risc-v embedded gcc/bin/../lib/gcc/riscv-none-embed/8.2.0/../../../../riscv-none-embed/lib/rv32ec/ilp32e\libg_nano.a(lib_a-fflush.o)
 .debug_frame   0x0000000000001f28       0x30 c:/bin/mounriver/mrs_community/toolchain/risc-v embedded gcc/bin/../lib/gcc/riscv-none-embed/8.2.0/../../../../riscv-none-embed/lib/rv32ec/ilp32e\libg_nano.a(lib_a-lseekr.o)
 .debug_frame   0x0000000000001f58       0x5c c:/bin/mounriver/mrs_community/toolchain/risc-v embedded gcc/bin/../lib/gcc/riscv-none-embed/8.2.0/../../../../riscv-none-embed/lib/rv32ec/ilp32e\libg_nano.a(lib_a-makebuf.o)
 .debug_frame   0x0000000000001fb4       0x20 c:/bin/mounriver/mrs_community/toolchain/risc-v embedded gcc/bin/../lib/gcc/riscv-none-embed/8.2.0/../../../../riscv-none-embed/lib/rv32ec/ilp32e\libg_nano.a(lib_a-memchr.o)
 .debug_frame   0x0000000000001fd4       0x30 c:/bin/mounriver/mrs_community/toolchain/risc-v embedded gcc/bin/../lib/gcc/riscv-none-embed/8.2.0/../../../../riscv-none-embed/lib/rv32ec/ilp32e\libg_nano.a(lib_a-mlock.o)
 .debug_frame   0x0000000000002004       0x40 c:/bin/mounriver/mrs_community/toolchain/risc-v embedded gcc/bin/../lib/gcc/riscv-none-embed/8.2.0/../../../../riscv-none-embed/lib/rv32ec/ilp32e\libg_nano.a(lib_a-nano-freer.o)
 .debug_frame   0x0000000000002044       0x30 c:/bin/mounriver/mrs_community/toolchain/risc-v embedded gcc/bin/../lib/gcc/riscv-none-embed/8.2.0/../../../../riscv-none-embed/lib/rv32ec/ilp32e\libg_nano.a(lib_a-readr.o)
 .debug_frame   0x0000000000002074       0x30 c:/bin/mounriver/mrs_community/toolchain/risc-v embedded gcc/bin/../lib/gcc/riscv-none-embed/8.2.0/../../../../riscv-none-embed/lib/rv32ec/ilp32e\libg_nano.a(lib_a-fstatr.o)
 .debug_frame   0x00000000000020a4       0x30 c:/bin/mounriver/mrs_community/toolchain/risc-v embedded gcc/bin/../lib/gcc/riscv-none-embed/8.2.0/../../../../riscv-none-embed/lib/rv32ec/ilp32e\libg_nano.a(lib_a-isattyr.o)
 .debug_frame   0x00000000000020d4       0x20 c:/bin/mounriver/mrs_community/toolchain/risc-v embedded gcc/bin/../lib/gcc/riscv-none-embed/8.2.0/../../../../riscv-none-embed/lib/rv32ec/ilp32e\libnosys.a(close.o)
 .debug_frame   0x00000000000020f4       0x20 c:/bin/mounriver/mrs_community/toolchain/risc-v embedded gcc/bin/../lib/gcc/riscv-none-embed/8.2.0/../../../../riscv-none-embed/lib/rv32ec/ilp32e\libnosys.a(fstat.o)
 .debug_frame   0x0000000000002114       0x20 c:/bin/mounriver/mrs_community/toolchain/risc-v embedded gcc/bin/../lib/gcc/riscv-none-embed/8.2.0/../../../../riscv-none-embed/lib/rv32ec/ilp32e\libnosys.a(getpid.o)
 .debug_frame   0x0000000000002134       0x20 c:/bin/mounriver/mrs_community/toolchain/risc-v embedded gcc/bin/../lib/gcc/riscv-none-embed/8.2.0/../../../../riscv-none-embed/lib/rv32ec/ilp32e\libnosys.a(isatty.o)
 .debug_frame   0x0000000000002154       0x20 c:/bin/mounriver/mrs_community/toolchain/risc-v embedded gcc/bin/../lib/gcc/riscv-none-embed/8.2.0/../../../../riscv-none-embed/lib/rv32ec/ilp32e\libnosys.a(kill.o)
 .debug_frame   0x0000000000002174       0x20 c:/bin/mounriver/mrs_community/toolchain/risc-v embedded gcc/bin/../lib/gcc/riscv-none-embed/8.2.0/../../../../riscv-none-embed/lib/rv32ec/ilp32e\libnosys.a(lseek.o)
 .debug_frame   0x0000000000002194       0x20 c:/bin/mounriver/mrs_community/toolchain/risc-v embedded gcc/bin/../lib/gcc/riscv-none-embed/8.2.0/../../../../riscv-none-embed/lib/rv32ec/ilp32e\libnosys.a(read.o)
 .debug_frame   0x00000000000021b4       0x20 c:/bin/mounriver/mrs_community/toolchain/risc-v embedded gcc/bin/../lib/gcc/riscv-none-embed/8.2.0/../../../../riscv-none-embed/lib/rv32ec/ilp32e\libnosys.a(_exit.o)

.stab           0x0000000000000000       0xb4
 .stab          0x0000000000000000       0x24 c:/bin/mounriver/mrs_community/toolchain/risc-v embedded gcc/bin/../lib/gcc/riscv-none-embed/8.2.0/../../../../riscv-none-embed/lib/rv32ec/ilp32e\libnosys.a(close.o)
 .stab          0x0000000000000024       0x18 c:/bin/mounriver/mrs_community/toolchain/risc-v embedded gcc/bin/../lib/gcc/riscv-none-embed/8.2.0/../../../../riscv-none-embed/lib/rv32ec/ilp32e\libnosys.a(fstat.o)
                                         0x24 (size before relaxing)
 .stab          0x000000000000003c       0x18 c:/bin/mounriver/mrs_community/toolchain/risc-v embedded gcc/bin/../lib/gcc/riscv-none-embed/8.2.0/../../../../riscv-none-embed/lib/rv32ec/ilp32e\libnosys.a(getpid.o)
                                         0x24 (size before relaxing)
 .stab          0x0000000000000054       0x18 c:/bin/mounriver/mrs_community/toolchain/risc-v embedded gcc/bin/../lib/gcc/riscv-none-embed/8.2.0/../../../../riscv-none-embed/lib/rv32ec/ilp32e\libnosys.a(isatty.o)
                                         0x24 (size before relaxing)
 .stab          0x000000000000006c       0x18 c:/bin/mounriver/mrs_community/toolchain/risc-v embedded gcc/bin/../lib/gcc/riscv-none-embed/8.2.0/../../../../riscv-none-embed/lib/rv32ec/ilp32e\libnosys.a(kill.o)
                                         0x24 (size before relaxing)
 .stab          0x0000000000000084       0x18 c:/bin/mounriver/mrs_community/toolchain/risc-v embedded gcc/bin/../lib/gcc/riscv-none-embed/8.2.0/../../../../riscv-none-embed/lib/rv32ec/ilp32e\libnosys.a(lseek.o)
                                         0x24 (size before relaxing)
 .stab          0x000000000000009c       0x18 c:/bin/mounriver/mrs_community/toolchain/risc-v embedded gcc/bin/../lib/gcc/riscv-none-embed/8.2.0/../../../../riscv-none-embed/lib/rv32ec/ilp32e\libnosys.a(read.o)
                                         0x24 (size before relaxing)

.stabstr        0x0000000000000000      0x183
 .stabstr       0x0000000000000000      0x183 c:/bin/mounriver/mrs_community/toolchain/risc-v embedded gcc/bin/../lib/gcc/riscv-none-embed/8.2.0/../../../../riscv-none-embed/lib/rv32ec/ilp32e\libnosys.a(close.o)
